W0501 17:40:01.556000 82007 site-packages/torch/distributed/run.py:793] 
W0501 17:40:01.556000 82007 site-packages/torch/distributed/run.py:793] *****************************************
W0501 17:40:01.556000 82007 site-packages/torch/distributed/run.py:793] Setting OMP_NUM_THREADS environment variable for each process to be 1 in default, to avoid your system being overloaded, please further tune the variable for optimal performance in your application as needed. 
W0501 17:40:01.556000 82007 site-packages/torch/distributed/run.py:793] *****************************************
/home/victor/anaconda3/envs/nir/bin/python3.11: can't open file '/home/victor/Transformer-Parallelism/test_pipeline_moe.py': [Errno 2] No such file or directory
/home/victor/anaconda3/envs/nir/bin/python3.11: can't open file '/home/victor/Transformer-Parallelism/test_pipeline_moe.py': [Errno 2] No such file or directory
E0501 17:40:01.665000 82007 site-packages/torch/distributed/elastic/multiprocessing/api.py:869] failed (exitcode: 2) local_rank: 0 (pid: 82024) of binary: /home/victor/anaconda3/envs/nir/bin/python3.11
Traceback (most recent call last):
  File "/home/victor/anaconda3/envs/nir/bin/torchrun", line 8, in <module>
    sys.exit(main())
             ^^^^^^
  File "/home/victor/anaconda3/envs/nir/lib/python3.11/site-packages/torch/distributed/elastic/multiprocessing/errors/__init__.py", line 355, in wrapper
    return f(*args, **kwargs)
           ^^^^^^^^^^^^^^^^^^
  File "/home/victor/anaconda3/envs/nir/lib/python3.11/site-packages/torch/distributed/run.py", line 919, in main
    run(args)
  File "/home/victor/anaconda3/envs/nir/lib/python3.11/site-packages/torch/distributed/run.py", line 910, in run
    elastic_launch(
  File "/home/victor/anaconda3/envs/nir/lib/python3.11/site-packages/torch/distributed/launcher/api.py", line 138, in __call__
    return launch_agent(self._config, self._entrypoint, list(args))
           ^^^^^^^^^^^^^^^^^^^^^^^^^^^^^^^^^^^^^^^^^^^^^^^^^^^^^^^^
  File "/home/victor/anaconda3/envs/nir/lib/python3.11/site-packages/torch/distributed/launcher/api.py", line 269, in launch_agent
    raise ChildFailedError(
torch.distributed.elastic.multiprocessing.errors.ChildFailedError: 
============================================================
test_pipeline_moe.py FAILED
------------------------------------------------------------
Failures:
[1]:
  time      : 2026-05-01_17:40:01
  host      : cluster
  rank      : 1 (local_rank: 1)
  exitcode  : 2 (pid: 82025)
  error_file: <N/A>
  traceback : To enable traceback see: https://pytorch.org/docs/stable/elastic/errors.html
------------------------------------------------------------
Root Cause (first observed failure):
[0]:
  time      : 2026-05-01_17:40:01
  host      : cluster
  rank      : 0 (local_rank: 0)
  exitcode  : 2 (pid: 82024)
  error_file: <N/A>
  traceback : To enable traceback see: https://pytorch.org/docs/stable/elastic/errors.html
============================================================
