nohup: ignoring input
W0506 16:52:20.546000 1356 site-packages/torch/distributed/run.py:851] 
W0506 16:52:20.546000 1356 site-packages/torch/distributed/run.py:851] *****************************************
W0506 16:52:20.546000 1356 site-packages/torch/distributed/run.py:851] Setting OMP_NUM_THREADS environment variable for each process to be 1 in default, to avoid your system being overloaded, please further tune the variable for optimal performance in your application as needed. 
W0506 16:52:20.546000 1356 site-packages/torch/distributed/run.py:851] *****************************************
---device:3---:
TestModel(
  (embed_tokens): PipeFakeModule(role=PipeRole.dummy
    (module): FakeTensorModule(device=3)
  )
  (layers): ModuleList(
    (0-10): 11 x MoeFakeLayer(
      (module): FakeTensorModule(device=3)
      (moe): MoeSparseBlockDPModule(
        (experts): MoeDPExperts(
          (local_experts): ModuleList(
            (0-3): 4 x TestMLP(
              (w1): Linear(in_features=1024, out_features=3584, bias=False)
              (w2): Linear(in_features=3584, out_features=1024, bias=False)
              (w3): Linear(in_features=1024, out_features=3584, bias=False)
              (act_fn): ReLU()
            )
          )
        )
      )
      (fake_hidden_module): FakeTensorModule(device=3)
    )
    (11-13): 3 x MoeComputeLayer(
      (module): TestDecoderLayer(
        (self_attn): TestAttention(
          (q_proj): Linear(in_features=1024, out_features=1024, bias=False)
          (k_proj): Linear(in_features=1024, out_features=256, bias=False)
          (v_proj): Linear(in_features=1024, out_features=256, bias=False)
          (o_proj): Linear(in_features=1024, out_features=1024, bias=False)
        )
        (moe): MoeSparseBlockDPModule(
          (experts): MoeDPExperts(
            (local_experts): ModuleList(
              (0-3): 4 x TestMLP(
                (w1): Linear(in_features=1024, out_features=3584, bias=False)
                (w2): Linear(in_features=3584, out_features=1024, bias=False)
                (w3): Linear(in_features=1024, out_features=3584, bias=False)
                (act_fn): ReLU()
              )
            )
          )
        )
        (input_layernorm): RMSNorm((1024,), eps=1e-05, elementwise_affine=True)
        (post_attention_layernorm): RMSNorm((1024,), eps=1e-05, elementwise_affine=True)
      )
      (moe): MoeSparseBlockDPModule(
        (experts): MoeDPExperts(
          (local_experts): ModuleList(
            (0-3): 4 x TestMLP(
              (w1): Linear(in_features=1024, out_features=3584, bias=False)
              (w2): Linear(in_features=3584, out_features=1024, bias=False)
              (w3): Linear(in_features=1024, out_features=3584, bias=False)
              (act_fn): ReLU()
            )
          )
        )
      )
    )
  )
  (lm_head): PipeComputeModule(role=PipeRole.compute
    (module): Linear(in_features=1024, out_features=32768, bias=False)
  )
)
---device:0---:
TestModel(
  (embed_tokens): PipeComputeModule(role=PipeRole.compute
    (module): Embedding(32768, 1024)
  )
  (layers): ModuleList(
    (0-2): 3 x MoeComputeLayer(
      (module): TestDecoderLayer(
        (self_attn): TestAttention(
          (q_proj): Linear(in_features=1024, out_features=1024, bias=False)
          (k_proj): Linear(in_features=1024, out_features=256, bias=False)
          (v_proj): Linear(in_features=1024, out_features=256, bias=False)
          (o_proj): Linear(in_features=1024, out_features=1024, bias=False)
        )
        (moe): MoeSparseBlockDPModule(
          (experts): MoeDPExperts(
            (local_experts): ModuleList(
              (0-3): 4 x TestMLP(
                (w1): Linear(in_features=1024, out_features=3584, bias=False)
                (w2): Linear(in_features=3584, out_features=1024, bias=False)
                (w3): Linear(in_features=1024, out_features=3584, bias=False)
                (act_fn): ReLU()
              )
            )
          )
        )
        (input_layernorm): RMSNorm((1024,), eps=1e-05, elementwise_affine=True)
        (post_attention_layernorm): RMSNorm((1024,), eps=1e-05, elementwise_affine=True)
      )
      (moe): MoeSparseBlockDPModule(
        (experts): MoeDPExperts(
          (local_experts): ModuleList(
            (0-3): 4 x TestMLP(
              (w1): Linear(in_features=1024, out_features=3584, bias=False)
              (w2): Linear(in_features=3584, out_features=1024, bias=False)
              (w3): Linear(in_features=1024, out_features=3584, bias=False)
              (act_fn): ReLU()
            )
          )
        )
      )
    )
    (3-13): 11 x MoeFakeLayer(
      (module): FakeTensorModule(device=0)
      (moe): MoeSparseBlockDPModule(
        (experts): MoeDPExperts(
          (local_experts): ModuleList(
            (0-3): 4 x TestMLP(
              (w1): Linear(in_features=1024, out_features=3584, bias=False)
              (w2): Linear(in_features=3584, out_features=1024, bias=False)
              (w3): Linear(in_features=1024, out_features=3584, bias=False)
              (act_fn): ReLU()
            )
          )
        )
      )
      (fake_hidden_module): FakeTensorModule(device=0)
    )
  )
  (lm_head): PipeFakeModule(role=PipeRole.dummy
    (module): FakeTensorModule(device=0)
  )
)
---device:1---:
TestModel(
  (embed_tokens): PipeFakeModule(role=PipeRole.dummy
    (module): FakeTensorModule(device=1)
  )
  (layers): ModuleList(
    (0-2): 3 x MoeFakeLayer(
      (module): FakeTensorModule(device=1)
      (moe): MoeSparseBlockDPModule(
        (experts): MoeDPExperts(
          (local_experts): ModuleList(
            (0-3): 4 x TestMLP(
              (w1): Linear(in_features=1024, out_features=3584, bias=False)
              (w2): Linear(in_features=3584, out_features=1024, bias=False)
              (w3): Linear(in_features=1024, out_features=3584, bias=False)
              (act_fn): ReLU()
            )
          )
        )
      )
      (fake_hidden_module): FakeTensorModule(device=1)
    )
    (3-6): 4 x MoeComputeLayer(
      (module): TestDecoderLayer(
        (self_attn): TestAttention(
          (q_proj): Linear(in_features=1024, out_features=1024, bias=False)
          (k_proj): Linear(in_features=1024, out_features=256, bias=False)
          (v_proj): Linear(in_features=1024, out_features=256, bias=False)
          (o_proj): Linear(in_features=1024, out_features=1024, bias=False)
        )
        (moe): MoeSparseBlockDPModule(
          (experts): MoeDPExperts(
            (local_experts): ModuleList(
              (0-3): 4 x TestMLP(
                (w1): Linear(in_features=1024, out_features=3584, bias=False)
                (w2): Linear(in_features=3584, out_features=1024, bias=False)
                (w3): Linear(in_features=1024, out_features=3584, bias=False)
                (act_fn): ReLU()
              )
            )
          )
        )
        (input_layernorm): RMSNorm((1024,), eps=1e-05, elementwise_affine=True)
        (post_attention_layernorm): RMSNorm((1024,), eps=1e-05, elementwise_affine=True)
      )
      (moe): MoeSparseBlockDPModule(
        (experts): MoeDPExperts(
          (local_experts): ModuleList(
            (0-3): 4 x TestMLP(
              (w1): Linear(in_features=1024, out_features=3584, bias=False)
              (w2): Linear(in_features=3584, out_features=1024, bias=False)
              (w3): Linear(in_features=1024, out_features=3584, bias=False)
              (act_fn): ReLU()
            )
          )
        )
      )
    )
    (7-13): 7 x MoeFakeLayer(
      (module): FakeTensorModule(device=1)
      (moe): MoeSparseBlockDPModule(
        (experts): MoeDPExperts(
          (local_experts): ModuleList(
            (0-3): 4 x TestMLP(
              (w1): Linear(in_features=1024, out_features=3584, bias=False)
              (w2): Linear(in_features=3584, out_features=1024, bias=False)
              (w3): Linear(in_features=1024, out_features=3584, bias=False)
              (act_fn): ReLU()
            )
          )
        )
      )
      (fake_hidden_module): FakeTensorModule(device=1)
    )
  )
  (lm_head): PipeFakeModule(role=PipeRole.dummy
    (module): FakeTensorModule(device=1)
  )
)
---device:2---:
TestModel(
  (embed_tokens): PipeFakeModule(role=PipeRole.dummy
    (module): FakeTensorModule(device=2)
  )
  (layers): ModuleList(
    (0-6): 7 x MoeFakeLayer(
      (module): FakeTensorModule(device=2)
      (moe): MoeSparseBlockDPModule(
        (experts): MoeDPExperts(
          (local_experts): ModuleList(
            (0-3): 4 x TestMLP(
              (w1): Linear(in_features=1024, out_features=3584, bias=False)
              (w2): Linear(in_features=3584, out_features=1024, bias=False)
              (w3): Linear(in_features=1024, out_features=3584, bias=False)
              (act_fn): ReLU()
            )
          )
        )
      )
      (fake_hidden_module): FakeTensorModule(device=2)
    )
    (7-10): 4 x MoeComputeLayer(
      (module): TestDecoderLayer(
        (self_attn): TestAttention(
          (q_proj): Linear(in_features=1024, out_features=1024, bias=False)
          (k_proj): Linear(in_features=1024, out_features=256, bias=False)
          (v_proj): Linear(in_features=1024, out_features=256, bias=False)
          (o_proj): Linear(in_features=1024, out_features=1024, bias=False)
        )
        (moe): MoeSparseBlockDPModule(
          (experts): MoeDPExperts(
            (local_experts): ModuleList(
              (0-3): 4 x TestMLP(
                (w1): Linear(in_features=1024, out_features=3584, bias=False)
                (w2): Linear(in_features=3584, out_features=1024, bias=False)
                (w3): Linear(in_features=1024, out_features=3584, bias=False)
                (act_fn): ReLU()
              )
            )
          )
        )
        (input_layernorm): RMSNorm((1024,), eps=1e-05, elementwise_affine=True)
        (post_attention_layernorm): RMSNorm((1024,), eps=1e-05, elementwise_affine=True)
      )
      (moe): MoeSparseBlockDPModule(
        (experts): MoeDPExperts(
          (local_experts): ModuleList(
            (0-3): 4 x TestMLP(
              (w1): Linear(in_features=1024, out_features=3584, bias=False)
              (w2): Linear(in_features=3584, out_features=1024, bias=False)
              (w3): Linear(in_features=1024, out_features=3584, bias=False)
              (act_fn): ReLU()
            )
          )
        )
      )
    )
    (11-13): 3 x MoeFakeLayer(
      (module): FakeTensorModule(device=2)
      (moe): MoeSparseBlockDPModule(
        (experts): MoeDPExperts(
          (local_experts): ModuleList(
            (0-3): 4 x TestMLP(
              (w1): Linear(in_features=1024, out_features=3584, bias=False)
              (w2): Linear(in_features=3584, out_features=1024, bias=False)
              (w3): Linear(in_features=1024, out_features=3584, bias=False)
              (act_fn): ReLU()
            )
          )
        )
      )
      (fake_hidden_module): FakeTensorModule(device=2)
    )
  )
  (lm_head): PipeFakeModule(role=PipeRole.dummy
    (module): FakeTensorModule(device=2)
  )
)
Эксперимент batch_size=16-prompt_len=128-new_tokens=128-num_microbatch=1-test_model_stats.json уже проведен
Эксперимент batch_size=16-prompt_len=128-new_tokens=128-num_microbatch=2-test_model_stats.json уже проведен
Эксперимент batch_size=16-prompt_len=128-new_tokens=256-num_microbatch=1-test_model_stats.json уже проведен
Эксперимент batch_size=16-prompt_len=128-new_tokens=256-num_microbatch=2-test_model_stats.json уже проведен
Эксперимент batch_size=16-prompt_len=128-new_tokens=512-num_microbatch=1-test_model_stats.json уже проведен
Эксперимент batch_size=16-prompt_len=128-new_tokens=512-num_microbatch=2-test_model_stats.json уже проведен
Эксперимент batch_size=16-prompt_len=128-new_tokens=1024-num_microbatch=1-test_model_stats.json уже проведен
Эксперимент batch_size=16-prompt_len=128-new_tokens=1024-num_microbatch=2-test_model_stats.json уже проведен
Эксперимент batch_size=16-prompt_len=256-new_tokens=128-num_microbatch=1-test_model_stats.json уже проведен
Эксперимент batch_size=16-prompt_len=256-new_tokens=128-num_microbatch=2-test_model_stats.json уже проведен
Эксперимент batch_size=16-prompt_len=256-new_tokens=256-num_microbatch=1-test_model_stats.json уже проведен
Эксперимент batch_size=16-prompt_len=256-new_tokens=256-num_microbatch=2-test_model_stats.json уже проведен
Эксперимент batch_size=16-prompt_len=256-new_tokens=512-num_microbatch=1-test_model_stats.json уже проведен
Эксперимент batch_size=16-prompt_len=256-new_tokens=512-num_microbatch=2-test_model_stats.json уже проведен
Эксперимент batch_size=16-prompt_len=256-new_tokens=1024-num_microbatch=1-test_model_stats.json уже проведен
Эксперимент batch_size=16-prompt_len=256-new_tokens=1024-num_microbatch=2-test_model_stats.json уже проведен
Эксперимент batch_size=16-prompt_len=512-new_tokens=128-num_microbatch=1-test_model_stats.json уже проведен
Эксперимент batch_size=16-prompt_len=512-new_tokens=128-num_microbatch=2-test_model_stats.json уже проведен
Эксперимент batch_size=16-prompt_len=512-new_tokens=256-num_microbatch=1-test_model_stats.json уже проведен
Эксперимент batch_size=16-prompt_len=512-new_tokens=256-num_microbatch=2-test_model_stats.json уже проведен
Эксперимент batch_size=16-prompt_len=512-new_tokens=512-num_microbatch=1-test_model_stats.json уже проведен
Эксперимент batch_size=16-prompt_len=512-new_tokens=512-num_microbatch=2-test_model_stats.json уже проведен
Эксперимент batch_size=16-prompt_len=512-new_tokens=1024-num_microbatch=1-test_model_stats.json уже проведен
Эксперимент batch_size=16-prompt_len=512-new_tokens=1024-num_microbatch=2-test_model_stats.json уже проведен
Эксперимент batch_size=16-prompt_len=1024-new_tokens=128-num_microbatch=1-test_model_stats.json уже проведен
Эксперимент batch_size=16-prompt_len=1024-new_tokens=128-num_microbatch=2-test_model_stats.json уже проведен
Эксперимент batch_size=16-prompt_len=1024-new_tokens=256-num_microbatch=1-test_model_stats.json уже проведен
Эксперимент batch_size=16-prompt_len=1024-new_tokens=256-num_microbatch=2-test_model_stats.json уже проведен
Эксперимент batch_size=16-prompt_len=1024-new_tokens=512-num_microbatch=1-test_model_stats.json уже проведен
Эксперимент batch_size=16-prompt_len=1024-new_tokens=512-num_microbatch=2-test_model_stats.json уже проведен
Эксперимент batch_size=16-prompt_len=1024-new_tokens=1024-num_microbatch=1-test_model_stats.json уже проведен
Эксперимент batch_size=16-prompt_len=1024-new_tokens=1024-num_microbatch=2-test_model_stats.json уже проведен
Эксперимент batch_size=32-prompt_len=128-new_tokens=128-num_microbatch=1-test_model_stats.json уже проведен
Эксперимент batch_size=32-prompt_len=128-new_tokens=128-num_microbatch=2-test_model_stats.json уже проведен
Эксперимент batch_size=32-prompt_len=128-new_tokens=256-num_microbatch=1-test_model_stats.json уже проведен
Эксперимент batch_size=32-prompt_len=128-new_tokens=256-num_microbatch=2-test_model_stats.json уже проведен
Эксперимент batch_size=32-prompt_len=128-new_tokens=512-num_microbatch=1-test_model_stats.json уже проведен
Эксперимент batch_size=32-prompt_len=128-new_tokens=512-num_microbatch=2-test_model_stats.json уже проведен
Эксперимент batch_size=32-prompt_len=128-new_tokens=1024-num_microbatch=1-test_model_stats.json уже проведен
Эксперимент batch_size=32-prompt_len=128-new_tokens=1024-num_microbatch=2-test_model_stats.json уже проведен
Эксперимент batch_size=32-prompt_len=256-new_tokens=128-num_microbatch=1-test_model_stats.json уже проведен
Эксперимент batch_size=32-prompt_len=256-new_tokens=128-num_microbatch=2-test_model_stats.json уже проведен
Эксперимент batch_size=32-prompt_len=256-new_tokens=256-num_microbatch=1-test_model_stats.json уже проведен
Эксперимент batch_size=32-prompt_len=256-new_tokens=256-num_microbatch=2-test_model_stats.json уже проведен
Эксперимент batch_size=32-prompt_len=256-new_tokens=512-num_microbatch=1-test_model_stats.json уже проведен
Эксперимент batch_size=32-prompt_len=256-new_tokens=512-num_microbatch=2-test_model_stats.json уже проведен
Эксперимент batch_size=32-prompt_len=256-new_tokens=1024-num_microbatch=1-test_model_stats.json уже проведен
Эксперимент batch_size=32-prompt_len=256-new_tokens=1024-num_microbatch=2-test_model_stats.json уже проведен
Эксперимент batch_size=32-prompt_len=512-new_tokens=128-num_microbatch=1-test_model_stats.json уже проведен
Эксперимент batch_size=32-prompt_len=512-new_tokens=128-num_microbatch=2-test_model_stats.json уже проведен
Эксперимент batch_size=32-prompt_len=512-new_tokens=256-num_microbatch=1-test_model_stats.json уже проведен
Эксперимент batch_size=32-prompt_len=512-new_tokens=256-num_microbatch=2-test_model_stats.json уже проведен
Эксперимент batch_size=32-prompt_len=512-new_tokens=512-num_microbatch=1-test_model_stats.json уже проведен
Эксперимент batch_size=32-prompt_len=512-new_tokens=512-num_microbatch=2-test_model_stats.json уже проведен
Эксперимент batch_size=32-prompt_len=512-new_tokens=1024-num_microbatch=1-test_model_stats.json уже проведен
/root/miniconda3/envs/nir/lib/python3.11/site-packages/torch/distributed/c10d_logger.py:83: UserWarning: barrier(): using the device under current context. You can specify `device_id` in `init_process_group` to mute this warning.
  return func(*args, **kwargs)
/root/Transformer-Parallelism/src/mytransformers/benchmark/Tracker.py:38: FutureWarning: torch.cuda.reset_max_memory_allocated now calls torch.cuda.reset_peak_memory_stats, which resets /all/ peak memory stats.
  cuda.reset_max_memory_allocated(cuda.current_device())
---device:3---:
STATS: name=start
/root/Transformer-Parallelism/src/mytransformers/benchmark/Tracker.py:38: FutureWarning: torch.cuda.reset_max_memory_allocated now calls torch.cuda.reset_peak_memory_stats, which resets /all/ peak memory stats.
  cuda.reset_max_memory_allocated(cuda.current_device())
---device:1---:
STATS: name=start
/root/Transformer-Parallelism/src/mytransformers/benchmark/Tracker.py:38: FutureWarning: torch.cuda.reset_max_memory_allocated now calls torch.cuda.reset_peak_memory_stats, which resets /all/ peak memory stats.
  cuda.reset_max_memory_allocated(cuda.current_device())
---device:2---:
STATS: name=start
/root/Transformer-Parallelism/src/mytransformers/benchmark/Tracker.py:38: FutureWarning: torch.cuda.reset_max_memory_allocated now calls torch.cuda.reset_peak_memory_stats, which resets /all/ peak memory stats.
  cuda.reset_max_memory_allocated(cuda.current_device())
---device:0---:
STATS: name=start
---device:0---:
STATS: name=stop---device:1---:
STATS: name=stop---device:2---:
STATS: name=stop


---device:3---:
STATS: name=stop
Description: test_model
-------Benchmark results-------
model name: test_model
model size: 1.226, dtype: bfloat16
inference time (s): 308.939
throughput (token/s): 106.066
data size: 32, batch size: 16, max len: 512, max new tokens: 1024
    inference time (s): 308.939
    throughput (token/s): 106.066

max memory allocated per device (GB):            
    device 0: 6.446
    device 1: 6.435
    device 2: 6.435
    device 3: 6.446
---device:1---:
STATS: name=start---device:0---:
STATS: name=start---device:2---:
STATS: name=start


---device:3---:
STATS: name=start
---device:0---:
STATS: name=stop
---device:1---:
STATS: name=stop
---device:3---:
STATS: name=stop
---device:2---:
STATS: name=stop
Description: test_model
-------Benchmark results-------
model name: test_model
model size: 1.226, dtype: bfloat16
inference time (s): 67.089
throughput (token/s): 61.053
data size: 32, batch size: 32, max len: 1024, max new tokens: 128
    inference time (s): 67.089
    throughput (token/s): 61.053

max memory allocated per device (GB):            
    device 0: 10.336
    device 1: 10.310
    device 2: 10.310
    device 3: 10.336
---device:1---:
STATS: name=start---device:2---:
STATS: name=start
---device:3---:
STATS: name=start

---device:0---:
STATS: name=start
---device:0---:
STATS: name=stop---device:3---:
STATS: name=stop

---device:1---:
STATS: name=stop
---device:2---:
STATS: name=stop
Description: test_model
-------Benchmark results-------
model name: test_model
model size: 1.226, dtype: bfloat16
inference time (s): 76.106
throughput (token/s): 53.820
data size: 32, batch size: 16, max len: 1024, max new tokens: 128
    inference time (s): 76.106
    throughput (token/s): 53.820

max memory allocated per device (GB):            
    device 0: 8.680
    device 1: 8.653
    device 2: 8.653
    device 3: 8.680
---device:0---:
STATS: name=start---device:1---:
STATS: name=start---device:3---:
STATS: name=start---device:2---:
STATS: name=start



---device:3---:
STATS: name=stop---device:0---:
STATS: name=stop---device:2---:
STATS: name=stop
---device:1---:
STATS: name=stop


Description: test_model
-------Benchmark results-------
model name: test_model
model size: 1.226, dtype: bfloat16
inference time (s): 91.714
throughput (token/s): 89.321
data size: 32, batch size: 32, max len: 1024, max new tokens: 256
    inference time (s): 91.714
    throughput (token/s): 89.321

max memory allocated per device (GB):            
    device 0: 10.336
    device 1: 10.310
    device 2: 10.310
    device 3: 10.336
---device:3---:
STATS: name=start---device:0---:
STATS: name=start---device:2---:
STATS: name=start---device:1---:
STATS: name=start



---device:0---:
STATS: name=stop
---device:3---:
STATS: name=stop
---device:2---:
STATS: name=stop
---device:1---:
STATS: name=stop
Description: test_model
-------Benchmark results-------
model name: test_model
model size: 1.226, dtype: bfloat16
inference time (s): 116.291
throughput (token/s): 70.444
data size: 32, batch size: 16, max len: 1024, max new tokens: 256
    inference time (s): 116.291
    throughput (token/s): 70.444

max memory allocated per device (GB):            
    device 0: 8.680
    device 1: 8.653
    device 2: 8.653
    device 3: 8.680
---device:2---:
STATS: name=start---device:0---:
STATS: name=start---device:1---:
STATS: name=start


---device:3---:
STATS: name=start
---device:1---:
STATS: name=stop---device:3---:
STATS: name=stop---device:2---:
STATS: name=stop


---device:0---:
STATS: name=stop
Description: test_model
-------Benchmark results-------
model name: test_model
model size: 1.226, dtype: bfloat16
inference time (s): 144.568
throughput (token/s): 113.330
data size: 32, batch size: 32, max len: 1024, max new tokens: 512
    inference time (s): 144.568
    throughput (token/s): 113.330

max memory allocated per device (GB):            
    device 0: 10.336
    device 1: 10.310
    device 2: 10.310
    device 3: 10.336
---device:0---:
STATS: name=start---device:3---:
STATS: name=start---device:2---:
STATS: name=start


---device:1---:
STATS: name=start
---device:0---:
STATS: name=stop---device:1---:
STATS: name=stop

---device:2---:
STATS: name=stop
---device:3---:
STATS: name=stop
Description: test_model
-------Benchmark results-------
model name: test_model
model size: 1.226, dtype: bfloat16
inference time (s): 194.064
throughput (token/s): 84.426
data size: 32, batch size: 16, max len: 1024, max new tokens: 512
    inference time (s): 194.064
    throughput (token/s): 84.426

max memory allocated per device (GB):            
    device 0: 8.680
    device 1: 8.653
    device 2: 8.653
    device 3: 8.680
---device:3---:
STATS: name=start---device:1---:
STATS: name=start---device:2---:
STATS: name=start---device:0---:
STATS: name=start



---device:3---:
STATS: name=stop---device:1---:
STATS: name=stop---device:2---:
STATS: name=stop


---device:0---:
STATS: name=stop
Description: test_model
-------Benchmark results-------
model name: test_model
model size: 1.226, dtype: bfloat16
inference time (s): 273.057
throughput (token/s): 120.004
data size: 32, batch size: 32, max len: 1024, max new tokens: 1024
    inference time (s): 273.057
    throughput (token/s): 120.004

max memory allocated per device (GB):            
    device 0: 10.336
    device 1: 10.310
    device 2: 10.310
    device 3: 10.336
---device:1---:
STATS: name=start---device:3---:
STATS: name=start---device:2---:
STATS: name=start---device:0---:
STATS: name=start



---device:1---:
STATS: name=stop---device:2---:
STATS: name=stop---device:0---:
STATS: name=stop---device:3---:
STATS: name=stop



Description: test_model
-------Benchmark results-------
model name: test_model
model size: 1.226, dtype: bfloat16
inference time (s): 371.074
throughput (token/s): 88.306
data size: 32, batch size: 16, max len: 1024, max new tokens: 1024
    inference time (s): 371.074
    throughput (token/s): 88.306

max memory allocated per device (GB):            
    device 0: 8.680
    device 1: 8.653
    device 2: 8.653
    device 3: 8.680
[rank0]:[W506 17:47:56.283793029 ProcessGroupNCCL.cpp:1575] Warning: WARNING: destroy_process_group() was not called before program exit, which can leak resources. For more info, please see https://pytorch.org/docs/stable/distributed.html#shutdown (function operator())
[rank3]:[W506 17:47:56.286483630 ProcessGroupNCCL.cpp:1575] Warning: WARNING: destroy_process_group() was not called before program exit, which can leak resources. For more info, please see https://pytorch.org/docs/stable/distributed.html#shutdown (function operator())
[rank2]:[W506 17:47:56.286501618 ProcessGroupNCCL.cpp:1575] Warning: WARNING: destroy_process_group() was not called before program exit, which can leak resources. For more info, please see https://pytorch.org/docs/stable/distributed.html#shutdown (function operator())
[rank1]:[W506 17:47:56.287842966 ProcessGroupNCCL.cpp:1575] Warning: WARNING: destroy_process_group() was not called before program exit, which can leak resources. For more info, please see https://pytorch.org/docs/stable/distributed.html#shutdown (function operator())
